// Jest Snapshot v1, https://goo.gl/fbAQLP

exports[`Should Header render correctly 1`] = `
<header
  className="header"
>
  <div
    className="container"
  >
    <div
      className="header__wrapper"
    >
      <div
        className="header__left"
      >
        <Link
          className="header__logo-link header__logo-link--active"
          to="/"
        >
          <img
            alt="6 cities logo"
            className="header__logo"
            height="41"
            src="img/logo.svg"
            width="81"
          />
        </Link>
      </div>
      <nav
        className="header__nav"
      >
        <ul
          className="header__nav-list"
        >
          <li
            className="header__nav-item user"
          >
            <span
              className="header__nav-link header__nav-link--profile"
            >
              <div
                className="header__avatar-wrapper user__avatar-wrapper"
              />
              <Link
                className="header__user-name user__name"
                to="/favorites"
              >
                valera32@mail.ru
              </Link>
            </span>
          </li>
        </ul>
      </nav>
    </div>
  </div>
</header>
`;
