// Jest Snapshot v1, https://goo.gl/fbAQLP

exports[`Should OfferPage render correctly 1`] = `
<div
  className="page"
>
  <Connect(Header) />
  <main
    className="page__main page__main--property"
  >
    <section
      className="property"
    >
      <div
        className="property__gallery-container container"
      >
        <div
          className="property__gallery"
        >
          <div
            className="property__image-wrapper"
            key="0"
          >
            <img
              alt="Photo studio"
              className="property__image"
              src="img/apartment-02.jpg"
            />
          </div>
          <div
            className="property__image-wrapper"
            key="1"
          >
            <img
              alt="Photo studio"
              className="property__image"
              src="img/apartment-01.jpg"
            />
          </div>
        </div>
      </div>
      <div
        className="property__container container"
      >
        <div
          className="property__wrapper"
        >
          <div
            className="property__mark"
          >
            <span>
              Usual
            </span>
          </div>
          <div
            className="property__name-wrapper"
          >
            <h1
              className="property__name"
            >
              Beautiful & luxurious studio at great location
            </h1>
            <button
              className="property__bookmark-button button"
              type="button"
            >
              <svg
                className="property__bookmark-icon"
                height="33"
                width="31"
              />
              <span
                className="visually-hidden"
              >
                To bookmarks
              </span>
            </button>
          </div>
          <div
            className="property__rating rating"
          >
            <div
              className="property__stars rating__stars"
            >
              <span
                style={
                  Object {
                    "width": "20%",
                  }
                }
              />
              <span
                className="visually-hidden"
              >
                Rating
              </span>
            </div>
            <span
              className="property__rating-value rating__value"
            >
              1
            </span>
          </div>
          <ul
            className="property__features"
          >
            <li
              className="property__feature property__feature--entire"
            >
              room
            </li>
            <li
              className="property__feature property__feature--bedrooms"
            >
              3
               Bedrooms
            </li>
            <li
              className="property__feature property__feature--adults"
            >
              Max 
              3
               adults
            </li>
          </ul>
          <div
            className="property__price"
          >
            <b
              className="property__price-value"
            >
              €
              150
            </b>
            <span
              className="property__price-text"
            >
               night
            </span>
          </div>
          <div
            className="property__inside"
          >
            <h2
              className="property__inside-title"
            >
              What's inside
            </h2>
            <ul
              className="property__inside-list"
            >
              <li
                className="property__inside-item"
                key="0"
              >
                Wi-Fi
              </li>
              <li
                className="property__inside-item"
                key="1"
              >
                Heating
              </li>
              <li
                className="property__inside-item"
                key="2"
              >
                Kitchen
              </li>
            </ul>
          </div>
          <div
            className="property__host"
          >
            <h2
              className="property__host-title"
            >
              Meet the host
            </h2>
            <div
              className="property__host-user user"
            >
              <div
                className="property__avatar-wrapper property__avatar-wrapper--pro user__avatar-wrapper"
              >
                <img
                  alt="Host avatar"
                  className="property__avatar user__avatar"
                  height="74"
                  src="img/apartment-02.jpg"
                  width="74"
                />
              </div>
              <span
                className="property__user-name"
              >
                Vasja
              </span>
              <span
                className="property__user-status"
              >
                Pro
              </span>
            </div>
            <div
              className="property__description"
            >
              <p
                className="property__text"
              >
                A quiet cozy and picturesque that hides behind a a river by the unique lightness of Amsterdam. The building is green and from 18th century.
An independent House, strategically located between Rembrand Square and National Opera, but where the bustle of the city comes to rest in this alley flowery and colorful.
              </p>
            </div>
          </div>
          <section
            className="property__reviews reviews"
          >
            <h2
              className="reviews__title"
            >
              Reviews · 
              <span
                className="reviews__amount"
              >
                3
              </span>
            </h2>
            <ul
              className="reviews__list"
            >
              <li
                className="reviews__item"
                key="0"
              >
                <div
                  className="reviews__user user"
                >
                  <div
                    className="reviews__avatar-wrapper user__avatar-wrapper"
                  >
                    <img
                      alt="Reviews avatar"
                      className="reviews__avatar user__avatar"
                      height="54"
                      width="54"
                    />
                  </div>
                  <span
                    className="reviews__user-name"
                  >
                    Andrey
                  </span>
                </div>
                <div
                  className="reviews__info"
                >
                  <div
                    className="reviews__rating rating"
                  >
                    <div
                      className="reviews__stars rating__stars"
                    >
                      <span
                        style={
                          Object {
                            "width": "80%",
                          }
                        }
                      />
                      <span
                        className="visually-hidden"
                      >
                        Rating
                        4
                      </span>
                    </div>
                  </div>
                  <p
                    className="reviews__text"
                  >
                    ffdlkmv;lfdmv;ldfm;vlmdf;
                  </p>
                  <time
                    className="reviews__time"
                    dateTime="2019-04-24"
                  >
                    May 2019
                  </time>
                </div>
              </li>
              <li
                className="reviews__item"
                key="1"
              >
                <div
                  className="reviews__user user"
                >
                  <div
                    className="reviews__avatar-wrapper user__avatar-wrapper"
                  >
                    <img
                      alt="Reviews avatar"
                      className="reviews__avatar user__avatar"
                      height="54"
                      width="54"
                    />
                  </div>
                  <span
                    className="reviews__user-name"
                  >
                    Andrey
                  </span>
                </div>
                <div
                  className="reviews__info"
                >
                  <div
                    className="reviews__rating rating"
                  >
                    <div
                      className="reviews__stars rating__stars"
                    >
                      <span
                        style={
                          Object {
                            "width": "80%",
                          }
                        }
                      />
                      <span
                        className="visually-hidden"
                      >
                        Rating
                        4
                      </span>
                    </div>
                  </div>
                  <p
                    className="reviews__text"
                  >
                    Wadim
                  </p>
                  <time
                    className="reviews__time"
                    dateTime="2019-04-24"
                  >
                    May 2019
                  </time>
                </div>
              </li>
              <li
                className="reviews__item"
                key="2"
              >
                <div
                  className="reviews__user user"
                >
                  <div
                    className="reviews__avatar-wrapper user__avatar-wrapper"
                  >
                    <img
                      alt="Reviews avatar"
                      className="reviews__avatar user__avatar"
                      height="54"
                      width="54"
                    />
                  </div>
                  <span
                    className="reviews__user-name"
                  >
                    Andrey
                  </span>
                </div>
                <div
                  className="reviews__info"
                >
                  <div
                    className="reviews__rating rating"
                  >
                    <div
                      className="reviews__stars rating__stars"
                    >
                      <span
                        style={
                          Object {
                            "width": "80%",
                          }
                        }
                      />
                      <span
                        className="visually-hidden"
                      >
                        Rating
                        4
                      </span>
                    </div>
                  </div>
                  <p
                    className="reviews__text"
                  >
                    sdvdsvsdv
                  </p>
                  <time
                    className="reviews__time"
                    dateTime="2019-04-24"
                  >
                    May 2019
                  </time>
                </div>
              </li>
            </ul>
            <Connect(ReviewForm)
              id="2"
            />
          </section>
        </div>
      </div>
      <section
        className="property__map map"
      >
        <Connect(Map)
          coords={
            Array [
              52.3909553943508,
              4.85309666406198,
            ]
          }
          type="OFFER"
        />
      </section>
    </section>
    <div
      className="container"
    >
      <section
        className="near-places places"
      >
        <h2
          className="near-places__title"
        >
          Other places in the neighbourhood
        </h2>
        <div
          className="near-places__list places__list"
        >
          <Connect(NearPlaceList) />
        </div>
      </section>
    </div>
  </main>
</div>
`;
