// Jest Snapshot v1, https://goo.gl/fbAQLP

exports[`Should MainPage render correctly 1`] = `
<div
  className="page page--gray page--main"
>
  <Connect(Header) />
  <main
    className="page__main page__main--index"
  >
    <h1
      className="visually-hidden"
    >
      Cities
    </h1>
    <CityList
      activeCity="NewYork"
      changeCity={[Function]}
    />
    <div
      className="cities"
    >
      <div
        className="cities__places-container container"
      >
        <section
          className="cities__places places"
        >
          <h2
            className="visually-hidden"
          >
            Places
          </h2>
          <b
            className="places__found"
          >
             
            0
             places to stay in 
            NewYork
          </b>
          <form
            action="#"
            className="places__sorting"
            method="get"
            onClick={[Function]}
          >
            <span
              className="places__sorting-caption"
            >
              Sort by
            </span>
            <span
              className="places__sorting-type"
              tabIndex="0"
            >
              To Low
              <svg
                className="places__sorting-arrow"
                height="4"
                width="7"
              />
            </span>
            <SortList
              activeFilter="To Low"
              changeFilter={[Function]}
              toggle={false}
            />
          </form>
          <Connect(OfferList)
            activeCity="NewYork"
            activeFilter="To Low"
            changeOverId={[Function]}
          />
        </section>
        <div
          className="cities__right-section"
        >
          <section
            className="cities__map map"
          >
            <Connect(Map) />
          </section>
        </div>
      </div>
    </div>
  </main>
</div>
`;
